// Jest Snapshot v1, https://goo.gl/fbAQLP

exports[`Renders the App component 1`] = `
<div
  className="container"
>
  <Connect(Form) />
</div>
`;
